// Jest Snapshot v1, https://goo.gl/fbAQLP

exports[`App renders correctly 1`] = `
<div
  style={
    {
      "flex": 1,
    }
  }
>
  <RNCSafeAreaProvider
    onInsetsChange={[Function]}
    style={
      [
        {
          "flex": 1,
        },
        undefined,
      ]
    }
  >
    <View
      collapsable={false}
      style={
        {
          "backgroundColor": "rgb(242, 242, 242)",
          "flex": 1,
        }
      }
    >
      <View
        collapsable={false}
        pointerEvents="box-none"
        style={
          {
            "zIndex": 1,
          }
        }
      >
        <View
          accessibilityElementsHidden={false}
          importantForAccessibility="auto"
          onLayout={[Function]}
          pointerEvents="box-none"
          style={null}
        >
          <View
            collapsable={false}
            pointerEvents="box-none"
            style={
              {
                "height": 44,
                "maxHeight": undefined,
                "minHeight": undefined,
                "opacity": undefined,
                "transform": undefined,
              }
            }
          >
            <View
              collapsable={false}
              pointerEvents="box-none"
              style={
                {
                  "bottom": 0,
                  "left": 0,
                  "opacity": 1,
                  "position": "absolute",
                  "right": 0,
                  "top": 0,
                }
              }
            >
              <View
                collapsable={false}
                style={
                  {
                    "backgroundColor": "rgb(255, 255, 255)",
                    "borderBottomColor": "rgb(216, 216, 216)",
                    "flex": 1,
                    "shadowColor": "rgba(0, 0, 0, 1)",
                    "shadowOffset": {
                      "height": 0.5,
                      "width": 0,
                    },
                    "shadowOpacity": 0.3,
                    "shadowRadius": 0,
                  }
                }
              />
            </View>
            <View
              pointerEvents="none"
              style={
                {
                  "height": 0,
                }
              }
            />
            <View
              pointerEvents="box-none"
              style={
                [
                  {
                    "alignItems": "stretch",
                    "flex": 1,
                    "flexDirection": "row",
                  },
                  {
                    "marginHorizontal": 5,
                  },
                ]
              }
            >
              <View
                collapsable={false}
                pointerEvents="box-none"
                style={
                  {
                    "alignItems": "center",
                    "flexBasis": 0,
                    "flexDirection": "row",
                    "flexGrow": 1,
                    "justifyContent": "flex-start",
                    "marginStart": 0,
                    "opacity": 1,
                  }
                }
              />
              <View
                collapsable={false}
                pointerEvents="box-none"
                style={
                  {
                    "justifyContent": "center",
                    "marginHorizontal": 16,
                    "maxWidth": 718,
                    "opacity": 1,
                  }
                }
              >
                <Text
                  accessibilityRole="header"
                  aria-level="1"
                  collapsable={false}
                  numberOfLines={1}
                  onLayout={[Function]}
                  style={
                    {
                      "color": "rgb(28, 28, 30)",
                      "fontFamily": "System",
                      "fontSize": 17,
                      "fontWeight": "600",
                    }
                  }
                >
                  Login
                </Text>
              </View>
              <View
                collapsable={false}
                pointerEvents="box-none"
                style={
                  {
                    "alignItems": "center",
                    "flexBasis": 0,
                    "flexDirection": "row",
                    "flexGrow": 1,
                    "justifyContent": "flex-end",
                    "marginEnd": 0,
                    "opacity": 1,
                  }
                }
              />
            </View>
          </View>
        </View>
      </View>
      <RNSScreenContainer
        onLayout={[Function]}
        style={
          {
            "flex": 1,
          }
        }
      >
        <RNSScreen
          activityState={2}
          collapsable={false}
          gestureResponseDistance={
            {
              "bottom": -1,
              "end": -1,
              "start": -1,
              "top": -1,
            }
          }
          onGestureCancel={[Function]}
          pointerEvents="box-none"
          sheetAllowedDetents={
            [
              1,
            ]
          }
          sheetCornerRadius={-1}
          sheetElevation={24}
          sheetExpandsWhenScrolledToEdge={true}
          sheetGrabberVisible={false}
          sheetInitialDetent={0}
          sheetLargestUndimmedDetent={-1}
          style={
            {
              "bottom": 0,
              "left": 0,
              "position": "absolute",
              "right": 0,
              "top": 0,
              "zIndex": undefined,
            }
          }
        >
          <View
            collapsable={false}
            style={
              {
                "opacity": 1,
              }
            }
          />
          <View
            accessibilityElementsHidden={false}
            collapsable={false}
            importantForAccessibility="auto"
            pointerEvents="box-none"
            preloaded={false}
            style={
              [
                {
                  "display": "flex",
                  "overflow": undefined,
                },
                {
                  "bottom": 0,
                  "left": 0,
                  "position": "absolute",
                  "right": 0,
                  "top": 0,
                },
              ]
            }
          >
            <View
              collapsable={false}
              pointerEvents="box-none"
              style={
                {
                  "flex": 1,
                }
              }
            >
              <div
                enableTrackpadTwoFingerGesture={true}
                enabled={false}
                hitSlop={
                  {
                    "right": -700,
                  }
                }
                maxDeltaY={20}
                minOffsetX={5}
                onHandlerStateChange={[Function]}
              >
                <View
                  collapsable={false}
                  needsOffscreenAlphaCompositing={false}
                  style={
                    {
                      "flex": 1,
                      "transform": [
                        {
                          "translateX": 0,
                        },
                        {
                          "translateX": 0,
                        },
                      ],
                    }
                  }
                >
                  <View
                    pointerEvents="box-none"
                    style={
                      [
                        {
                          "flex": 1,
                          "overflow": "hidden",
                        },
                        [
                          {
                            "backgroundColor": "rgb(242, 242, 242)",
                          },
                          undefined,
                        ],
                      ]
                    }
                  >
                    <View
                      style={
                        {
                          "flex": 1,
                        }
                      }
                    >
                      <View
                        style={
                          {
                            "flex": 1,
                          }
                        }
                      >
                        <View
                          style={
                            {
                              "backgroundColor": "#f5f5f5",
                              "flex": 1,
                              "justifyContent": "center",
                              "padding": 20,
                            }
                          }
                        >
                          <Text
                            style={
                              {
                                "color": "#333",
                                "fontSize": 24,
                                "fontWeight": "bold",
                                "marginBottom": 20,
                                "textAlign": "center",
                              }
                            }
                          >
                            Login with Phone Number
                          </Text>
                          <TextInput
                            keyboardType="phone-pad"
                            onChangeText={[Function]}
                            placeholder="Enter phone number"
                            style={
                              {
                                "backgroundColor": "#fff",
                                "borderColor": "#ccc",
                                "borderRadius": 10,
                                "borderWidth": 1,
                                "fontSize": 16,
                                "height": 50,
                                "marginBottom": 20,
                                "paddingHorizontal": 15,
                              }
                            }
                            value=""
                          />
                          <View
                            accessibilityState={
                              {
                                "busy": undefined,
                                "checked": undefined,
                                "disabled": undefined,
                                "expanded": undefined,
                                "selected": undefined,
                              }
                            }
                            accessibilityValue={
                              {
                                "max": undefined,
                                "min": undefined,
                                "now": undefined,
                                "text": undefined,
                              }
                            }
                            accessible={true}
                            collapsable={false}
                            focusable={true}
                            onClick={[Function]}
                            onResponderGrant={[Function]}
                            onResponderMove={[Function]}
                            onResponderRelease={[Function]}
                            onResponderTerminate={[Function]}
                            onResponderTerminationRequest={[Function]}
                            onStartShouldSetResponder={[Function]}
                            style={
                              {
                                "alignItems": "center",
                                "backgroundColor": "#4CAF50",
                                "borderRadius": 10,
                                "opacity": 1,
                                "paddingVertical": 15,
                              }
                            }
                          >
                            <Text
                              style={
                                {
                                  "color": "#fff",
                                  "fontSize": 16,
                                  "fontWeight": "bold",
                                }
                              }
                            >
                              Send OTP
                            </Text>
                          </View>
                        </View>
                      </View>
                    </View>
                  </View>
                </View>
              </div>
            </View>
          </View>
        </RNSScreen>
      </RNSScreenContainer>
    </View>
  </RNCSafeAreaProvider>
</div>
`;
